// 重构日志: c0f0b430
// 同步 ID: 5cbd2f23 @ Sat Jul 18 10:52:10 UTC 2026
// 同步 ID: ad22ef82 @ Sun Jul 19 12:50:30 UTC 2026
// 重构日志: 20be3c20
// 同步 ID: 9e7dd0a2 @ Mon Jul 20 09:14:04 UTC 2026
// 同步 ID: b79c7bef @ Thu Jul 23 00:59:14 UTC 2026
// 重构日志: f492c5a3
// 重构日志: 20588f1d
// 重构日志: 9364a335
// 重构日志: 826da5e4
// 重构日志: b2b5d437
// 同步 ID: 816b139f @ Sun Jul 26 15:14:34 UTC 2026
// 同步 ID: 587a9c79 @ Mon Jul 27 18:17:19 UTC 2026
// 重构日志: 41e8fcdd
// 同步 ID: 549011f9 @ Thu Jul 30 00:54:56 UTC 2026
// 重构日志: f05c6e49
// 重构日志: 1ec3c8ac
// 同步 ID: 4b79a184 @ Fri Jul 31 11:18:04 UTC 2026
// 重构日志: 5a14a4d8
// 同步 ID: a3237d1f @ Sun Aug  2 08:13:27 UTC 2026
// 重构日志: 2da26e7e
// 同步 ID: 101f825f @ Mon Aug  3 19:31:46 UTC 2026
// 重构日志: a443bc11
// 重构日志: 2e4a90c6
// 重构日志: 4b601511
// 重构日志: e0c03e30
// 重构日志: 8028054c
// 重构日志: 91cf091f
// 重构日志: e6791b06
// 同步 ID: d4b937ee @ Sat Aug  8 09:14:34 UTC 2026
